% Embed Kozuka family.
rml           H KozMinStd-Light.otf
rmlv          V KozMinStd-Light.otf
gbm           H KozGoStd-Medium.otf
gbmv          V KozGoStd-Medium.otf

% Based on kozukax.map (in the OTF 1.5.3 package, namely
% otfdevel.tar.bz2 in
% http://www.fsci.fuk.kindai.ac.jp/%7Ekakuto/win32-ptex/web2c75.html)

otf-ujmr-h    UniJIS-UTF16-H KozMinStd-Regular.otf
otf-ujmr-v    UniJIS-UTF16-V KozMinStd-Regular.otf
otf-cjmr-h    Identity-H KozMinStd-Regular.otf
otf-cjmr-v    Identity-V KozMinStd-Regular.otf
hminr-h       H KozMinStd-Regular.otf
hminr-v       V KozMinStd-Regular.otf

otf-ujgr-h    UniJIS-UTF16-H KozGoStd-Regular.otf
otf-ujgr-v    UniJIS-UTF16-V KozGoStd-Regular.otf
otf-cjgr-h    Identity-H KozGoStd-Regular.otf
otf-cjgr-v    Identity-V KozGoStd-Regular.otf
hgothr-h      H KozGoStd-Regular.otf
hgothr-v      V KozGoStd-Regular.otf

otf-ujmb-h    UniJIS-UTF16-H KozMinStd-Bold.otf
otf-ujmb-v    UniJIS-UTF16-V KozMinStd-Bold.otf
otf-cjmb-h    Identity-H KozMinStd-Bold.otf
otf-cjmb-v    Identity-V KozMinStd-Bold.otf
hminb-h       H KozMinStd-Bold.otf
hminb-v       V KozMinStd-Bold.otf

otf-cjgb-h    Identity-H KozGoStd-Bold.otf
otf-cjgb-v    Identity-V KozGoStd-Bold.otf
otf-ujgb-h    UniJIS-UTF16-H KozGoStd-Bold.otf
otf-ujgb-v    UniJIS-UTF16-V KozGoStd-Bold.otf
hgothb-h      H KozGoStd-Bold.otf
hgothb-v      V KozGoStd-Bold.otf

otf-ujmgr-h   UniJIS-UTF16-H KozGoStd-Heavy.otf
otf-ujmgr-v   UniJIS-UTF16-V KozGoStd-Heavy.otf
otf-cjmgr-h   Identity-H KozGoStd-Heavy.otf
otf-cjmgr-v   Identity-V KozGoStd-Heavy.otf
hmgothr-h     H KozGoStd-Heavy.otf
hmgothr-v     V KozGoStd-Heavy.otf
